// Jest Snapshot v1, https://goo.gl/fbAQLP

exports[`<Loading /> renders the <Loading /> 1`] = `
<div
  class="loading__Spinner-sc-8rf1or-0 giywPB"
  data-testid="loading"
>
  <img
    class="loading__Picture-sc-8rf1or-1 cjvsCs"
    data-testid="loading-picture"
    src="/images/users//images/karl.png.png"
  />
</div>
`;

exports[`<Loading /> renders the <Loading.ReleaseBody /> 1`] = `null`;
